<?xml version="1.0" encoding="utf-8"?><testsuites><testsuite name="pytest" errors="0" failures="0" skipped="0" tests="15" time="60.873" timestamp="2026-05-08T18:29:06.674677+00:00" hostname="22e2d8ffb7f6"><testcase classname="tests.test_ideathoughts" name="test_01_signup_page_opens" time="4.367" /><testcase classname="tests.test_ideathoughts" name="test_02_login_page_opens" time="1.610" /><testcase classname="tests.test_ideathoughts" name="test_03_home_redirects_to_signup_when_not_logged_in" time="2.768" /><testcase classname="tests.test_ideathoughts" name="test_04_user_can_signup" time="2.887" /><testcase classname="tests.test_ideathoughts" name="test_05_valid_user_can_login" time="3.982" /><testcase classname="tests.test_ideathoughts" name="test_06_invalid_login_shows_error_or_stays_on_login" time="2.357" /><testcase classname="tests.test_ideathoughts" name="test_07_logged_in_user_can_access_home" time="4.905" /><testcase classname="tests.test_ideathoughts" name="test_08_user_can_create_idea_post" time="5.626" /><testcase classname="tests.test_ideathoughts" name="test_09_user_can_create_thought_post" time="5.437" /><testcase classname="tests.test_ideathoughts" name="test_10_unauthorized_post_redirects_to_login" time="2.701" /><testcase classname="tests.test_ideathoughts" name="test_11_profile_page_opens_for_logged_in_user" time="3.979" /><testcase classname="tests.test_ideathoughts" name="test_12_user_can_update_profile" time="5.038" /><testcase classname="tests.test_ideathoughts" name="test_13_logout_redirects_to_signup" time="5.197" /><testcase classname="tests.test_ideathoughts" name="test_14_logged_out_user_cannot_access_profile" time="2.547" /><testcase classname="tests.test_ideathoughts" name="test_15_app_does_not_show_server_error" time="1.442" /></testsuite></testsuites>